src/components/ErrorBoundary.tsx(38,14): error TS2339: Property 'setState' does not exist on type 'ErrorBoundary'.
src/components/ErrorBoundary.tsx(52,14): error TS2339: Property 'setState' does not exist on type 'ErrorBoundary'.
src/components/ErrorBoundary.tsx(66,22): error TS2339: Property 'props' does not exist on type 'ErrorBoundary'.
src/components/ErrorBoundary.tsx(67,29): error TS2339: Property 'props' does not exist on type 'ErrorBoundary'.
src/components/ErrorBoundary.tsx(116,21): error TS2339: Property 'props' does not exist on type 'ErrorBoundary'.
